Copyright 1986-2018 Xilinx, Inc. All Rights Reserved.
------------------------------------------------------------------------------------------------------
| Tool Version : Vivado v.2018.3 (lin64) Build 2405991 Thu Dec  6 23:36:41 MST 2018
| Date         : Wed May  1 10:44:34 2019
| Host         : serlop-OptiPlex-7010 running 64-bit Linux Mint 19.1 Tessa
| Command      : report_drc -file Root_drc_routed.rpt -pb Root_drc_routed.pb -rpx Root_drc_routed.rpx
| Design       : Root
| Device       : xczu7ev-ffvc1156-2-e
| Speed File   : -2
| Design State : Fully Routed
------------------------------------------------------------------------------------------------------

Report DRC

Table of Contents
-----------------
1. REPORT SUMMARY
2. REPORT DETAILS

1. REPORT SUMMARY
-----------------
            Netlist: netlist
          Floorplan: design_1
      Design limits: <entire design considered>
           Ruledeck: default
             Max violations: <unlimited>
             Violations found: 1
+-----------+----------+-------------------+------------+
| Rule      | Severity | Description       | Violations |
+-----------+----------+-------------------+------------+
| RTSTAT-10 | Warning  | No routable loads | 1          |
+-----------+----------+-------------------+------------+

2. REPORT DETAILS
-----------------
RTSTAT-10#1 Warning
No routable loads  
125 net(s) have no routable loads. The problem bus(es) and/or net(s) are phy/inst/u_ddr_cal_top/u_ddr_cal/u_xsdb_arbiter/Q[12], phy/inst/u_ddr_cal_top/u_ddr_cal/u_xsdb_arbiter/Q[13], phy/inst/u_ddr_cal_top/u_ddr_cal/u_xsdb_arbiter/Q[14], phy/inst/u_ddr_cal_top/u_ddr_cal/u_xsdb_arbiter/Q[15], phy/inst/u_phy2clb_fixdly_rdy_low/SYNC[0].sync_reg[1], phy/inst/u_phy2clb_phy_rdy_low/SYNC[0].sync_reg[1], phy/inst/u_phy2clb_fixdly_rdy_upp/SYNC[0].sync_reg[1], phy/inst/u_phy2clb_phy_rdy_upp/SYNC[0].sync_reg[1], phy/inst/u_phy2clb_fixdly_rdy_low/SYNC[1].sync_reg[1], phy/inst/u_phy2clb_phy_rdy_low/SYNC[1].sync_reg[1], phy/inst/u_phy2clb_fixdly_rdy_upp/SYNC[1].sync_reg[1], phy/inst/u_phy2clb_phy_rdy_upp/SYNC[1].sync_reg[1], phy/inst/u_phy2clb_fixdly_rdy_upp/SYNC[2].sync_reg[1], phy/inst/u_phy2clb_phy_rdy_low/SYNC[2].sync_reg[1], phy/inst/u_phy2clb_fixdly_rdy_low/SYNC[2].sync_reg[1] (the first 15 of 123 listed).
Related violations: <none>


